// 同步 ID: 56cd0f99 @ Sat Aug  1 13:51:05 UTC 2026
// 重构日志: 411af066
// 重构日志: 81a7e649
// 重构日志: 4b57eb74
// 重构日志: b30e4179
// 重构日志: eb239e1a
// 同步 ID: 63d88dca @ Mon Aug  3 08:02:57 UTC 2026
// 同步 ID: 171ce778 @ Mon Aug  3 12:19:55 UTC 2026
// 重构日志: 8829ce3d
// 重构日志: 2393826d
// 同步 ID: e784644d @ Tue Aug  4 16:22:34 UTC 2026
// 同步 ID: a5bb537c @ Wed Aug  5 07:32:42 UTC 2026
// 重构日志: 8cb01771
// 同步 ID: 81cc4a25 @ Wed Aug  5 12:42:55 UTC 2026
// 同步 ID: 290fab54 @ Wed Aug  5 23:40:31 UTC 2026
// 同步 ID: a09bc686 @ Thu Aug  6 04:22:25 UTC 2026
// 重构日志: c089d116
// 重构日志: 37074221
// 同步 ID: 6df8a484 @ Fri Aug  7 06:44:08 UTC 2026
// 重构日志: a523c6fd
// 重构日志: aa62de2c
// 重构日志: 037d4173
// 重构日志: a4d9cfab
// 重构日志: c9f12c76
// 同步 ID: 7abd9643 @ Sat Aug  8 06:27:46 UTC 2026
// 重构日志: 283e3347
// 同步 ID: 409433ea @ Sat Aug  8 09:52:23 UTC 2026
// 同步 ID: 2814a46b @ Sat Aug  8 12:16:49 UTC 2026
// 同步 ID: 8baa157e @ Sat Aug  8 14:02:24 UTC 2026
// 同步 ID: b52f7c57 @ Sat Aug  8 16:41:00 UTC 2026
